[2026-08-16 16:14:13,915: INFO: main: welcome to our custom logging]
[2026-08-16 17:26:17,201: INFO: common: yaml file: config\config.yaml loaded successfully]
[2026-08-16 17:26:17,206: INFO: common: yaml file: params.yaml loaded successfully]
[2026-08-16 17:30:25,760: INFO: common: yaml file: config\config.yaml loaded successfully]
[2026-08-16 17:30:25,761: INFO: common: yaml file: params.yaml loaded successfully]
[2026-08-16 17:30:25,764: INFO: common: created directory at: artifacts]
[2026-08-16 17:30:25,765: INFO: common: created directory at: artifacts/data_ingestion]
[2026-08-16 17:30:31,191: INFO: 1434958058: artifacts/data_ingestion/data.zip download! with following info: 
Connection: close
Content-Length: 7903594
Cache-Control: max-age=300
Content-Security-Policy: default-src 'none'; style-src 'unsafe-inline'; sandbox
Content-Type: application/zip
ETag: "dbc016a060da18070593b83afff580c9b300f0b6ea4147a7988433e04df246ca"
Strict-Transport-Security: max-age=31536000
X-Content-Type-Options: nosniff
X-Frame-Options: deny
X-XSS-Protection: 1; mode=block
X-GitHub-Request-Id: 85CE:F654F:4317A3:7053E0:6A81A65B
x-github-edge-region: iad
Accept-Ranges: bytes
Date: Sun, 16 Aug 2026 12:00:30 GMT
Via: 1.1 varnish
X-Served-By: cache-del-vibw2260023-DEL
X-Cache: MISS
X-Cache-Hits: 0
X-Timer: S1786881628.028072,VS0,VE2339
Vary: Authorization,Accept-Encoding
Access-Control-Allow-Origin: *
Cross-Origin-Resource-Policy: cross-origin
X-Fastly-Request-ID: ba7fcf86cfb2eeb788a316a96a446ef934288cbe
Expires: Sun, 16 Aug 2026 12:05:30 GMT
Source-Age: 2

]
[2026-08-16 19:52:15,335: INFO: common: yaml file: config\config.yaml loaded successfully]
[2026-08-16 19:52:15,343: INFO: common: yaml file: params.yaml loaded successfully]
[2026-08-16 19:52:15,346: INFO: common: created directory at: artifacts]
[2026-08-16 19:52:15,349: INFO: common: created directory at: artifacts/data_validation]
[2026-08-16 20:06:53,816: INFO: common: yaml file: config\config.yaml loaded successfully]
[2026-08-16 20:06:53,816: INFO: common: yaml file: params.yaml loaded successfully]
[2026-08-16 20:06:53,823: INFO: common: created directory at: artifacts]
[2026-08-16 20:06:53,826: INFO: common: created directory at: artifacts/data_validation]
[2026-08-16 20:07:27,947: INFO: common: yaml file: config\config.yaml loaded successfully]
[2026-08-16 20:07:27,954: INFO: common: yaml file: params.yaml loaded successfully]
[2026-08-16 20:07:27,956: INFO: common: created directory at: artifacts]
[2026-08-16 20:07:27,960: INFO: common: created directory at: artifacts/data_validation]
[2026-08-16 20:07:43,171: INFO: common: yaml file: config\config.yaml loaded successfully]
[2026-08-16 20:07:43,175: INFO: common: yaml file: params.yaml loaded successfully]
[2026-08-16 20:07:43,177: INFO: common: created directory at: artifacts]
[2026-08-16 20:07:43,177: INFO: common: created directory at: artifacts/data_validation]
[2026-08-16 20:18:33,475: INFO: main: >>>>>> stage Data Ingestion stage started <<<<<<]
[2026-08-16 20:18:33,483: INFO: common: yaml file: config\config.yaml loaded successfully]
[2026-08-16 20:18:33,488: INFO: common: yaml file: params.yaml loaded successfully]
[2026-08-16 20:18:33,488: INFO: common: created directory at: artifacts]
[2026-08-16 20:18:33,488: INFO: common: created directory at: artifacts/data_ingestion]
[2026-08-16 20:18:39,813: INFO: data_ingestion: artifacts/data_ingestion/data.zip download! with following info: 
Connection: close
Content-Length: 7903594
Cache-Control: max-age=300
Content-Security-Policy: default-src 'none'; style-src 'unsafe-inline'; sandbox
Content-Type: application/zip
ETag: "dbc016a060da18070593b83afff580c9b300f0b6ea4147a7988433e04df246ca"
Strict-Transport-Security: max-age=31536000
X-Content-Type-Options: nosniff
X-Frame-Options: deny
X-XSS-Protection: 1; mode=block
X-GitHub-Request-Id: 5106:7762E:10E19D:1813DE:6A81CDC3
x-github-edge-region: iad
Accept-Ranges: bytes
Date: Sun, 16 Aug 2026 14:48:37 GMT
Via: 1.1 varnish
X-Served-By: cache-del-vibw2260039-DEL
X-Cache: MISS
X-Cache-Hits: 0
X-Timer: S1786891716.479559,VS0,VE639
Vary: Authorization,Accept-Encoding
Access-Control-Allow-Origin: *
Cross-Origin-Resource-Policy: cross-origin
X-Fastly-Request-ID: 96e6cdfe7a5ea45d6813da9687c27751378c0105
Expires: Sun, 16 Aug 2026 14:53:37 GMT
Source-Age: 0

]
[2026-08-16 20:18:40,013: INFO: main: >>>>>> stage Data Ingestion stage completed <<<<<<

x==========x]
[2026-08-16 20:18:40,013: INFO: main: >>>>>> stage Data Validation stage started <<<<<<]
[2026-08-16 20:18:40,023: INFO: common: yaml file: config\config.yaml loaded successfully]
[2026-08-16 20:18:40,023: INFO: common: yaml file: params.yaml loaded successfully]
[2026-08-16 20:18:40,023: INFO: common: created directory at: artifacts]
[2026-08-16 20:18:40,023: INFO: common: created directory at: artifacts/data_validation]
[2026-08-16 20:18:40,023: ERROR: main: 'DataValidation' object has no attribute 'download_file']
Traceback (most recent call last):
  File "E:\text-summarizer\main.py", line 26, in <module>
    data_validation.main()
  File "E:\text-summarizer\src\textSummarizer\pipeline\stage_02_data_validation.py", line 14, in main
    data_validation.download_file()
AttributeError: 'DataValidation' object has no attribute 'download_file'
[2026-08-16 20:20:49,910: INFO: main: >>>>>> stage Data Ingestion stage started <<<<<<]
[2026-08-16 20:20:49,913: INFO: common: yaml file: config\config.yaml loaded successfully]
[2026-08-16 20:20:49,915: INFO: common: yaml file: params.yaml loaded successfully]
[2026-08-16 20:20:49,915: INFO: common: created directory at: artifacts]
[2026-08-16 20:20:49,915: INFO: common: created directory at: artifacts/data_ingestion]
[2026-08-16 20:20:49,915: INFO: data_ingestion: File already exists of size: ~ 7718 KB]
[2026-08-16 20:20:50,057: INFO: main: >>>>>> stage Data Ingestion stage completed <<<<<<

x==========x]
[2026-08-16 20:20:50,057: INFO: main: >>>>>> stage Data Validation stage started <<<<<<]
[2026-08-16 20:20:50,066: INFO: common: yaml file: config\config.yaml loaded successfully]
[2026-08-16 20:20:50,066: INFO: common: yaml file: params.yaml loaded successfully]
[2026-08-16 20:20:50,066: INFO: common: created directory at: artifacts]
[2026-08-16 20:20:50,066: INFO: common: created directory at: artifacts/data_validation]
[2026-08-16 20:20:50,071: INFO: main: >>>>>> stage Data Validation stage completed <<<<<<

x==========x]
[2026-08-16 20:33:25,432: INFO: common: yaml file: config\config.yaml loaded successfully]
[2026-08-16 20:33:25,436: INFO: common: yaml file: params.yaml loaded successfully]
[2026-08-16 20:33:25,442: INFO: common: created directory at: artifacts]
[2026-08-16 21:08:01,302: INFO: common: yaml file: config\config.yaml loaded successfully]
[2026-08-16 21:08:01,310: INFO: common: yaml file: params.yaml loaded successfully]
[2026-08-16 21:08:01,310: INFO: common: created directory at: artifacts]
[2026-08-16 21:08:01,310: INFO: common: created directory at: artifacts/data_transformation]
[2026-08-16 21:08:01,701: INFO: _client: HTTP Request: GET https://huggingface.co/api/agent-harnesses "HTTP/1.1 200 OK"]
[2026-08-16 21:08:01,938: INFO: _client: HTTP Request: HEAD https://huggingface.co/facebook/bart-large-cnn/resolve/main/config.json "HTTP/1.1 307 Temporary Redirect"]
[2026-08-16 21:08:01,942: WARNING: _http: Warning: You are sending unauthenticated requests to the HF Hub. Please set a HF_TOKEN to enable higher rate limits and faster downloads.]
[2026-08-16 21:08:01,959: INFO: _client: HTTP Request: HEAD https://huggingface.co/api/resolve-cache/models/facebook/bart-large-cnn/37f520fa929c961707657b28798b30c003dd100b/config.json "HTTP/1.1 200 OK"]
[2026-08-16 21:08:02,008: INFO: _client: HTTP Request: GET https://huggingface.co/api/resolve-cache/models/facebook/bart-large-cnn/37f520fa929c961707657b28798b30c003dd100b/config.json "HTTP/1.1 200 OK"]
[2026-08-16 21:08:02,283: INFO: _client: HTTP Request: HEAD https://huggingface.co/facebook/bart-large-cnn/resolve/main/tokenizer_config.json "HTTP/1.1 404 Not Found"]
[2026-08-16 21:08:02,576: INFO: _client: HTTP Request: HEAD https://huggingface.co/facebook/bart-large-cnn/resolve/main/tokenizer_config.json "HTTP/1.1 404 Not Found"]
[2026-08-16 21:08:02,934: INFO: _client: HTTP Request: GET https://huggingface.co/api/models/facebook/bart-large-cnn/tree/main/additional_chat_templates?recursive=false&expand=false "HTTP/1.1 404 Not Found"]
[2026-08-16 21:08:03,178: INFO: _client: HTTP Request: GET https://huggingface.co/api/models/facebook/bart-large-cnn/tree/main?recursive=true&expand=false "HTTP/1.1 200 OK"]
[2026-08-16 21:08:03,420: INFO: _client: HTTP Request: HEAD https://huggingface.co/facebook/bart-large-cnn/resolve/main/vocab.json "HTTP/1.1 307 Temporary Redirect"]
[2026-08-16 21:08:03,446: INFO: _client: HTTP Request: HEAD https://huggingface.co/api/resolve-cache/models/facebook/bart-large-cnn/37f520fa929c961707657b28798b30c003dd100b/vocab.json "HTTP/1.1 200 OK"]
[2026-08-16 21:08:03,491: INFO: _client: HTTP Request: GET https://huggingface.co/api/resolve-cache/models/facebook/bart-large-cnn/37f520fa929c961707657b28798b30c003dd100b/vocab.json "HTTP/1.1 200 OK"]
[2026-08-16 21:08:03,781: INFO: _client: HTTP Request: HEAD https://huggingface.co/facebook/bart-large-cnn/resolve/main/merges.txt "HTTP/1.1 307 Temporary Redirect"]
[2026-08-16 21:08:03,803: INFO: _client: HTTP Request: HEAD https://huggingface.co/api/resolve-cache/models/facebook/bart-large-cnn/37f520fa929c961707657b28798b30c003dd100b/merges.txt "HTTP/1.1 200 OK"]
[2026-08-16 21:08:03,834: INFO: _client: HTTP Request: GET https://huggingface.co/api/resolve-cache/models/facebook/bart-large-cnn/37f520fa929c961707657b28798b30c003dd100b/merges.txt "HTTP/1.1 200 OK"]
[2026-08-16 21:08:04,241: INFO: _client: HTTP Request: HEAD https://huggingface.co/facebook/bart-large-cnn/resolve/main/tokenizer.json "HTTP/1.1 307 Temporary Redirect"]
[2026-08-16 21:08:04,263: INFO: _client: HTTP Request: HEAD https://huggingface.co/api/resolve-cache/models/facebook/bart-large-cnn/37f520fa929c961707657b28798b30c003dd100b/tokenizer.json "HTTP/1.1 200 OK"]
[2026-08-16 21:08:04,280: INFO: _client: HTTP Request: GET https://huggingface.co/api/resolve-cache/models/facebook/bart-large-cnn/37f520fa929c961707657b28798b30c003dd100b/tokenizer.json "HTTP/1.1 200 OK"]
[2026-08-16 21:08:04,670: INFO: _client: HTTP Request: HEAD https://huggingface.co/facebook/bart-large-cnn/resolve/main/added_tokens.json "HTTP/1.1 404 Not Found"]
[2026-08-16 21:08:04,908: INFO: _client: HTTP Request: HEAD https://huggingface.co/facebook/bart-large-cnn/resolve/main/special_tokens_map.json "HTTP/1.1 404 Not Found"]
[2026-08-16 21:08:05,191: INFO: _client: HTTP Request: HEAD https://huggingface.co/facebook/bart-large-cnn/resolve/main/chat_template.jinja "HTTP/1.1 404 Not Found"]
[2026-08-16 21:08:58,783: INFO: common: yaml file: config\config.yaml loaded successfully]
[2026-08-16 21:08:58,786: INFO: common: yaml file: params.yaml loaded successfully]
[2026-08-16 21:08:58,788: INFO: common: created directory at: artifacts]
[2026-08-16 21:08:58,790: INFO: common: created directory at: artifacts/data_transformation]
[2026-08-16 21:08:59,104: INFO: _client: HTTP Request: HEAD https://huggingface.co/google/flan-t5-base/resolve/main/config.json "HTTP/1.1 307 Temporary Redirect"]
[2026-08-16 21:08:59,139: INFO: _client: HTTP Request: HEAD https://huggingface.co/api/resolve-cache/models/google/flan-t5-base/7bcac572ce56db69c1ea7c8af255c5d7c9672fc2/config.json "HTTP/1.1 200 OK"]
[2026-08-16 21:08:59,206: INFO: _client: HTTP Request: GET https://huggingface.co/api/resolve-cache/models/google/flan-t5-base/7bcac572ce56db69c1ea7c8af255c5d7c9672fc2/config.json "HTTP/1.1 200 OK"]
[2026-08-16 21:08:59,530: INFO: _client: HTTP Request: HEAD https://huggingface.co/google/flan-t5-base/resolve/main/tokenizer_config.json "HTTP/1.1 307 Temporary Redirect"]
[2026-08-16 21:08:59,546: INFO: _client: HTTP Request: HEAD https://huggingface.co/api/resolve-cache/models/google/flan-t5-base/7bcac572ce56db69c1ea7c8af255c5d7c9672fc2/tokenizer_config.json "HTTP/1.1 200 OK"]
[2026-08-16 21:08:59,568: INFO: _client: HTTP Request: GET https://huggingface.co/api/resolve-cache/models/google/flan-t5-base/7bcac572ce56db69c1ea7c8af255c5d7c9672fc2/tokenizer_config.json "HTTP/1.1 200 OK"]
[2026-08-16 21:08:59,867: INFO: _client: HTTP Request: GET https://huggingface.co/api/models/google/flan-t5-base/tree/main/additional_chat_templates?recursive=false&expand=false "HTTP/1.1 404 Not Found"]
[2026-08-16 21:09:00,107: INFO: _client: HTTP Request: GET https://huggingface.co/api/models/google/flan-t5-base/tree/main?recursive=true&expand=false "HTTP/1.1 200 OK"]
[2026-08-16 21:09:00,358: INFO: _client: HTTP Request: HEAD https://huggingface.co/google/flan-t5-base/resolve/main/spiece.model "HTTP/1.1 302 Found"]
[2026-08-16 21:09:08,056: INFO: _client: HTTP Request: HEAD https://huggingface.co/google/flan-t5-base/resolve/main/tokenizer.json "HTTP/1.1 307 Temporary Redirect"]
[2026-08-16 21:09:08,083: INFO: _client: HTTP Request: HEAD https://huggingface.co/api/resolve-cache/models/google/flan-t5-base/7bcac572ce56db69c1ea7c8af255c5d7c9672fc2/tokenizer.json "HTTP/1.1 200 OK"]
[2026-08-16 21:09:08,125: INFO: _client: HTTP Request: GET https://huggingface.co/api/resolve-cache/models/google/flan-t5-base/7bcac572ce56db69c1ea7c8af255c5d7c9672fc2/tokenizer.json "HTTP/1.1 200 OK"]
[2026-08-16 21:09:08,467: INFO: _client: HTTP Request: HEAD https://huggingface.co/google/flan-t5-base/resolve/main/added_tokens.json "HTTP/1.1 404 Not Found"]
[2026-08-16 21:09:08,805: INFO: _client: HTTP Request: HEAD https://huggingface.co/google/flan-t5-base/resolve/main/special_tokens_map.json "HTTP/1.1 307 Temporary Redirect"]
[2026-08-16 21:09:08,821: INFO: _client: HTTP Request: HEAD https://huggingface.co/api/resolve-cache/models/google/flan-t5-base/7bcac572ce56db69c1ea7c8af255c5d7c9672fc2/special_tokens_map.json "HTTP/1.1 200 OK"]
[2026-08-16 21:09:08,844: INFO: _client: HTTP Request: GET https://huggingface.co/api/resolve-cache/models/google/flan-t5-base/7bcac572ce56db69c1ea7c8af255c5d7c9672fc2/special_tokens_map.json "HTTP/1.1 200 OK"]
[2026-08-16 21:09:09,088: INFO: _client: HTTP Request: HEAD https://huggingface.co/google/flan-t5-base/resolve/main/chat_template.jinja "HTTP/1.1 404 Not Found"]
[2026-08-16 21:10:26,478: INFO: common: yaml file: config\config.yaml loaded successfully]
[2026-08-16 21:10:26,479: INFO: common: yaml file: params.yaml loaded successfully]
[2026-08-16 21:10:26,481: INFO: common: created directory at: artifacts]
[2026-08-16 21:10:26,483: INFO: common: created directory at: artifacts/data_transformation]
[2026-08-16 21:10:28,853: INFO: _client: HTTP Request: HEAD https://huggingface.co/google/flan-t5-base/resolve/main/config.json "HTTP/1.1 307 Temporary Redirect"]
[2026-08-16 21:10:28,874: INFO: _client: HTTP Request: HEAD https://huggingface.co/api/resolve-cache/models/google/flan-t5-base/7bcac572ce56db69c1ea7c8af255c5d7c9672fc2/config.json "HTTP/1.1 200 OK"]
[2026-08-16 21:10:29,154: INFO: _client: HTTP Request: HEAD https://huggingface.co/google/flan-t5-base/resolve/main/tokenizer_config.json "HTTP/1.1 307 Temporary Redirect"]
[2026-08-16 21:10:29,175: INFO: _client: HTTP Request: HEAD https://huggingface.co/api/resolve-cache/models/google/flan-t5-base/7bcac572ce56db69c1ea7c8af255c5d7c9672fc2/tokenizer_config.json "HTTP/1.1 200 OK"]
[2026-08-16 21:10:29,570: INFO: _client: HTTP Request: GET https://huggingface.co/api/models/google/flan-t5-base/tree/main/additional_chat_templates?recursive=false&expand=false "HTTP/1.1 404 Not Found"]
[2026-08-16 21:10:29,878: INFO: _client: HTTP Request: GET https://huggingface.co/api/models/google/flan-t5-base/tree/main?recursive=true&expand=false "HTTP/1.1 200 OK"]
[2026-08-16 21:23:53,871: INFO: main: >>>>>> stage Data Ingestion stage started <<<<<<]
[2026-08-16 21:23:53,875: INFO: common: yaml file: config\config.yaml loaded successfully]
[2026-08-16 21:23:53,877: INFO: common: yaml file: params.yaml loaded successfully]
[2026-08-16 21:23:53,877: INFO: common: created directory at: artifacts]
[2026-08-16 21:23:53,877: INFO: common: created directory at: artifacts/data_ingestion]
[2026-08-16 21:23:53,877: INFO: data_ingestion: File already exists of size: ~ 7718 KB]
[2026-08-16 21:23:53,994: INFO: main: >>>>>> stage Data Ingestion stage completed <<<<<<

x==========x]
[2026-08-16 21:23:53,994: INFO: main: >>>>>> stage Data Validation stage started <<<<<<]
[2026-08-16 21:23:53,997: INFO: common: yaml file: config\config.yaml loaded successfully]
[2026-08-16 21:23:53,997: INFO: common: yaml file: params.yaml loaded successfully]
[2026-08-16 21:23:53,997: INFO: common: created directory at: artifacts]
[2026-08-16 21:23:53,997: INFO: common: created directory at: artifacts/data_validation]
[2026-08-16 21:23:53,999: INFO: main: >>>>>> stage Data Validation stage completed <<<<<<

x==========x]
[2026-08-16 21:23:53,999: INFO: main: >>>>>> stage Data Transformation stage started <<<<<<]
[2026-08-16 21:23:53,999: INFO: common: yaml file: config\config.yaml loaded successfully]
[2026-08-16 21:23:53,999: INFO: common: yaml file: params.yaml loaded successfully]
[2026-08-16 21:23:53,999: INFO: common: created directory at: artifacts]
[2026-08-16 21:23:53,999: INFO: common: created directory at: artifacts/data_transformation]
[2026-08-16 21:23:54,338: INFO: _client: HTTP Request: HEAD https://huggingface.co/google/flan-t5-base/resolve/main/config.json "HTTP/1.1 307 Temporary Redirect"]
[2026-08-16 21:23:54,359: INFO: _client: HTTP Request: HEAD https://huggingface.co/api/resolve-cache/models/google/flan-t5-base/7bcac572ce56db69c1ea7c8af255c5d7c9672fc2/config.json "HTTP/1.1 200 OK"]
[2026-08-16 21:23:54,649: INFO: _client: HTTP Request: HEAD https://huggingface.co/google/flan-t5-base/resolve/main/tokenizer_config.json "HTTP/1.1 307 Temporary Redirect"]
[2026-08-16 21:23:54,655: WARNING: _http: Warning: You are sending unauthenticated requests to the HF Hub. Please set a HF_TOKEN to enable higher rate limits and faster downloads.]
[2026-08-16 21:23:54,671: INFO: _client: HTTP Request: HEAD https://huggingface.co/api/resolve-cache/models/google/flan-t5-base/7bcac572ce56db69c1ea7c8af255c5d7c9672fc2/tokenizer_config.json "HTTP/1.1 200 OK"]
[2026-08-16 21:23:54,959: INFO: _client: HTTP Request: GET https://huggingface.co/api/models/google/flan-t5-base/tree/main/additional_chat_templates?recursive=false&expand=false "HTTP/1.1 404 Not Found"]
[2026-08-16 21:23:55,267: INFO: _client: HTTP Request: GET https://huggingface.co/api/models/google/flan-t5-base/tree/main?recursive=true&expand=false "HTTP/1.1 200 OK"]
[2026-08-16 21:23:59,655: INFO: data_transformation: Saved transformed dataset to: artifacts/data_transformation\samsum_dataset]
[2026-08-16 21:23:59,689: INFO: main: >>>>>> stage Data Transformation stage completed <<<<<<

x==========x]
[2026-08-16 21:42:55,970: INFO: common: yaml file: config\config.yaml loaded successfully]
[2026-08-16 21:42:55,972: INFO: common: yaml file: params.yaml loaded successfully]
[2026-08-16 21:42:55,972: INFO: common: created directory at: artifacts]
[2026-08-16 21:57:59,042: INFO: common: yaml file: config\config.yaml loaded successfully]
[2026-08-16 21:57:59,048: INFO: common: yaml file: params.yaml loaded successfully]
[2026-08-16 21:57:59,048: INFO: common: created directory at: artifacts]
[2026-08-16 22:06:38,531: INFO: common: yaml file: config\config.yaml loaded successfully]
[2026-08-16 22:06:38,541: INFO: common: yaml file: params.yaml loaded successfully]
[2026-08-16 22:06:38,545: INFO: common: created directory at: artifacts]
[2026-08-16 22:06:38,545: INFO: common: created directory at: artifacts/model_trainer]
[2026-08-16 22:13:05,440: INFO: common: yaml file: config\config.yaml loaded successfully]
[2026-08-16 22:13:05,446: INFO: common: yaml file: params.yaml loaded successfully]
[2026-08-16 22:13:05,448: INFO: common: created directory at: artifacts]
[2026-08-16 22:13:05,449: INFO: common: created directory at: artifacts/model_trainer]
[2026-08-16 22:32:25,171: INFO: common: yaml file: config\config.yaml loaded successfully]
[2026-08-16 22:32:25,176: INFO: common: yaml file: params.yaml loaded successfully]
[2026-08-16 22:32:25,179: INFO: common: created directory at: artifacts]
[2026-08-16 22:32:25,180: INFO: common: created directory at: artifacts/model_trainer]
[2026-08-16 22:51:51,901: INFO: common: yaml file: config\config.yaml loaded successfully]
[2026-08-16 22:51:51,905: INFO: common: yaml file: params.yaml loaded successfully]
[2026-08-16 22:51:51,908: INFO: common: created directory at: artifacts]
[2026-08-16 22:51:51,909: INFO: common: created directory at: artifacts/model_trainer]
[2026-08-16 22:54:30,990: INFO: common: yaml file: params.yaml loaded successfully]
[2026-08-16 22:54:42,190: INFO: common: yaml file: config\config.yaml loaded successfully]
[2026-08-16 22:54:42,193: INFO: common: yaml file: params.yaml loaded successfully]
[2026-08-16 22:54:42,194: INFO: common: created directory at: artifacts]
[2026-08-16 22:54:42,196: INFO: common: created directory at: artifacts/model_trainer]
[2026-08-16 22:54:42,529: INFO: _client: HTTP Request: HEAD https://huggingface.co/google/pegasus-cnn_dailymail/resolve/main/config.json "HTTP/1.1 307 Temporary Redirect"]
[2026-08-16 22:54:42,545: INFO: _client: HTTP Request: HEAD https://huggingface.co/api/resolve-cache/models/google/pegasus-cnn_dailymail/40d588fdab0cc077b80d950b300bf66ad3c75b92/config.json "HTTP/1.1 200 OK"]
[2026-08-16 22:54:42,579: INFO: _client: HTTP Request: GET https://huggingface.co/api/resolve-cache/models/google/pegasus-cnn_dailymail/40d588fdab0cc077b80d950b300bf66ad3c75b92/config.json "HTTP/1.1 200 OK"]
[2026-08-16 22:54:42,857: INFO: _client: HTTP Request: HEAD https://huggingface.co/google/pegasus-cnn_dailymail/resolve/main/tokenizer_config.json "HTTP/1.1 307 Temporary Redirect"]
[2026-08-16 22:54:42,871: INFO: _client: HTTP Request: HEAD https://huggingface.co/api/resolve-cache/models/google/pegasus-cnn_dailymail/40d588fdab0cc077b80d950b300bf66ad3c75b92/tokenizer_config.json "HTTP/1.1 200 OK"]
[2026-08-16 22:54:42,879: INFO: _client: HTTP Request: GET https://huggingface.co/api/resolve-cache/models/google/pegasus-cnn_dailymail/40d588fdab0cc077b80d950b300bf66ad3c75b92/tokenizer_config.json "HTTP/1.1 200 OK"]
[2026-08-16 22:54:43,127: INFO: _client: HTTP Request: GET https://huggingface.co/api/models/google/pegasus-cnn_dailymail/tree/main/additional_chat_templates?recursive=false&expand=false "HTTP/1.1 404 Not Found"]
[2026-08-16 22:54:43,360: INFO: _client: HTTP Request: GET https://huggingface.co/api/models/google/pegasus-cnn_dailymail/tree/main?recursive=true&expand=false "HTTP/1.1 200 OK"]
[2026-08-16 22:54:43,594: INFO: _client: HTTP Request: HEAD https://huggingface.co/google/pegasus-cnn_dailymail/resolve/main/spiece.model "HTTP/1.1 307 Temporary Redirect"]
[2026-08-16 22:54:43,594: WARNING: _http: Warning: You are sending unauthenticated requests to the HF Hub. Please set a HF_TOKEN to enable higher rate limits and faster downloads.]
[2026-08-16 22:54:43,613: INFO: _client: HTTP Request: HEAD https://huggingface.co/api/resolve-cache/models/google/pegasus-cnn_dailymail/40d588fdab0cc077b80d950b300bf66ad3c75b92/spiece.model "HTTP/1.1 200 OK"]
[2026-08-16 22:54:43,641: INFO: _client: HTTP Request: GET https://huggingface.co/api/resolve-cache/models/google/pegasus-cnn_dailymail/40d588fdab0cc077b80d950b300bf66ad3c75b92/spiece.model "HTTP/1.1 200 OK"]
[2026-08-16 22:54:44,295: INFO: _client: HTTP Request: HEAD https://huggingface.co/google/pegasus-cnn_dailymail/resolve/main/tokenizer.json "HTTP/1.1 404 Not Found"]
[2026-08-16 22:54:44,526: INFO: _client: HTTP Request: HEAD https://huggingface.co/google/pegasus-cnn_dailymail/resolve/main/added_tokens.json "HTTP/1.1 404 Not Found"]
[2026-08-16 22:54:44,743: INFO: _client: HTTP Request: HEAD https://huggingface.co/google/pegasus-cnn_dailymail/resolve/main/special_tokens_map.json "HTTP/1.1 307 Temporary Redirect"]
[2026-08-16 22:54:44,760: INFO: _client: HTTP Request: HEAD https://huggingface.co/api/resolve-cache/models/google/pegasus-cnn_dailymail/40d588fdab0cc077b80d950b300bf66ad3c75b92/special_tokens_map.json "HTTP/1.1 200 OK"]
[2026-08-16 22:54:44,777: INFO: _client: HTTP Request: GET https://huggingface.co/api/resolve-cache/models/google/pegasus-cnn_dailymail/40d588fdab0cc077b80d950b300bf66ad3c75b92/special_tokens_map.json "HTTP/1.1 200 OK"]
[2026-08-16 22:54:45,011: INFO: _client: HTTP Request: HEAD https://huggingface.co/google/pegasus-cnn_dailymail/resolve/main/chat_template.jinja "HTTP/1.1 404 Not Found"]
[2026-08-16 22:54:46,727: INFO: _client: HTTP Request: HEAD https://huggingface.co/google/pegasus-cnn_dailymail/resolve/main/config.json "HTTP/1.1 307 Temporary Redirect"]
[2026-08-16 22:54:46,743: INFO: _client: HTTP Request: HEAD https://huggingface.co/api/resolve-cache/models/google/pegasus-cnn_dailymail/40d588fdab0cc077b80d950b300bf66ad3c75b92/config.json "HTTP/1.1 200 OK"]
[2026-08-16 22:54:47,045: INFO: _client: HTTP Request: HEAD https://huggingface.co/google/pegasus-cnn_dailymail/resolve/main/model.safetensors "HTTP/1.1 404 Not Found"]
[2026-08-16 22:54:47,279: INFO: _client: HTTP Request: HEAD https://huggingface.co/google/pegasus-cnn_dailymail/resolve/main/model.safetensors.index.json "HTTP/1.1 404 Not Found"]
[2026-08-16 22:54:47,513: INFO: _client: HTTP Request: HEAD https://huggingface.co/google/pegasus-cnn_dailymail/resolve/main/pytorch_model.bin "HTTP/1.1 302 Found"]
[2026-08-16 23:04:51,465: INFO: _client: HTTP Request: HEAD https://huggingface.co/google/pegasus-cnn_dailymail/resolve/main/model.safetensors "HTTP/1.1 404 Not Found"]
[2026-08-16 23:04:51,836: INFO: _client: HTTP Request: GET https://huggingface.co/api/models/google/pegasus-cnn_dailymail "HTTP/1.1 200 OK"]
[2026-08-16 23:04:52,680: INFO: _client: HTTP Request: GET https://huggingface.co/api/models/google/pegasus-cnn_dailymail/commits/main "HTTP/1.1 200 OK"]
[2026-08-16 23:04:53,316: INFO: _client: HTTP Request: GET https://huggingface.co/api/models/google/pegasus-cnn_dailymail/discussions?p=0 "HTTP/1.1 200 OK"]
[2026-08-16 23:04:53,843: INFO: _client: HTTP Request: GET https://huggingface.co/api/models/google/pegasus-cnn_dailymail/commits/refs%2Fpr%2F12 "HTTP/1.1 200 OK"]
[2026-08-16 23:04:54,371: INFO: _client: HTTP Request: HEAD https://huggingface.co/google/pegasus-cnn_dailymail/resolve/refs%2Fpr%2F12/model.safetensors.index.json "HTTP/1.1 404 Not Found"]
[2026-08-16 23:04:54,844: INFO: _client: HTTP Request: HEAD https://huggingface.co/google/pegasus-cnn_dailymail/resolve/refs%2Fpr%2F12/model.safetensors "HTTP/1.1 302 Found"]
[2026-08-16 23:05:07,153: INFO: _client: HTTP Request: HEAD https://huggingface.co/google/pegasus-cnn_dailymail/resolve/main/generation_config.json "HTTP/1.1 307 Temporary Redirect"]
[2026-08-16 23:05:07,178: INFO: _client: HTTP Request: HEAD https://huggingface.co/api/resolve-cache/models/google/pegasus-cnn_dailymail/40d588fdab0cc077b80d950b300bf66ad3c75b92/generation_config.json "HTTP/1.1 200 OK"]
[2026-08-16 23:05:07,235: INFO: _client: HTTP Request: GET https://huggingface.co/api/resolve-cache/models/google/pegasus-cnn_dailymail/40d588fdab0cc077b80d950b300bf66ad3c75b92/generation_config.json "HTTP/1.1 200 OK"]
[2026-08-18 20:19:12,337: INFO: common: yaml file: params.yaml loaded successfully]
[2026-08-18 20:19:12,371: INFO: common: yaml file: config\config.yaml loaded successfully]
[2026-08-18 20:19:12,379: INFO: common: yaml file: params.yaml loaded successfully]
[2026-08-18 20:19:12,381: INFO: common: created directory at: artifacts]
[2026-08-18 20:19:12,383: INFO: common: created directory at: artifacts/model_trainer]
[2026-08-18 20:19:12,681: INFO: _client: HTTP Request: GET https://huggingface.co/api/agent-harnesses "HTTP/1.1 200 OK"]
[2026-08-18 20:19:12,950: INFO: _client: HTTP Request: HEAD https://huggingface.co/google/pegasus-cnn_dailymail/resolve/main/config.json "HTTP/1.1 307 Temporary Redirect"]
[2026-08-18 20:19:12,951: WARNING: _http: Warning: You are sending unauthenticated requests to the HF Hub. Please set a HF_TOKEN to enable higher rate limits and faster downloads.]
[2026-08-18 20:19:12,963: INFO: _client: HTTP Request: HEAD https://huggingface.co/api/resolve-cache/models/google/pegasus-cnn_dailymail/40d588fdab0cc077b80d950b300bf66ad3c75b92/config.json "HTTP/1.1 200 OK"]
[2026-08-18 20:19:13,221: INFO: _client: HTTP Request: HEAD https://huggingface.co/google/pegasus-cnn_dailymail/resolve/main/tokenizer_config.json "HTTP/1.1 307 Temporary Redirect"]
[2026-08-18 20:19:13,234: INFO: _client: HTTP Request: HEAD https://huggingface.co/api/resolve-cache/models/google/pegasus-cnn_dailymail/40d588fdab0cc077b80d950b300bf66ad3c75b92/tokenizer_config.json "HTTP/1.1 200 OK"]
[2026-08-18 20:19:13,482: INFO: _client: HTTP Request: GET https://huggingface.co/api/models/google/pegasus-cnn_dailymail/tree/main/additional_chat_templates?recursive=false&expand=false "HTTP/1.1 404 Not Found"]
[2026-08-18 20:19:13,724: INFO: _client: HTTP Request: GET https://huggingface.co/api/models/google/pegasus-cnn_dailymail/tree/main?recursive=true&expand=false "HTTP/1.1 200 OK"]
[2026-08-18 20:22:43,592: INFO: common: yaml file: params.yaml loaded successfully]
[2026-08-18 20:22:45,522: INFO: common: yaml file: config\config.yaml loaded successfully]
[2026-08-18 20:22:45,525: INFO: common: yaml file: params.yaml loaded successfully]
[2026-08-18 20:22:45,527: INFO: common: created directory at: artifacts]
[2026-08-18 20:22:45,530: INFO: common: created directory at: artifacts/model_trainer]
[2026-08-18 20:22:45,867: INFO: _client: HTTP Request: HEAD https://huggingface.co/google/pegasus-cnn_dailymail/resolve/main/config.json "HTTP/1.1 307 Temporary Redirect"]
[2026-08-18 20:22:45,870: WARNING: _http: Warning: You are sending unauthenticated requests to the HF Hub. Please set a HF_TOKEN to enable higher rate limits and faster downloads.]
[2026-08-18 20:22:46,107: INFO: _client: HTTP Request: HEAD https://huggingface.co/api/resolve-cache/models/google/pegasus-cnn_dailymail/40d588fdab0cc077b80d950b300bf66ad3c75b92/config.json "HTTP/1.1 200 OK"]
[2026-08-18 20:22:46,362: INFO: _client: HTTP Request: HEAD https://huggingface.co/google/pegasus-cnn_dailymail/resolve/main/tokenizer_config.json "HTTP/1.1 307 Temporary Redirect"]
[2026-08-18 20:22:46,376: INFO: _client: HTTP Request: HEAD https://huggingface.co/api/resolve-cache/models/google/pegasus-cnn_dailymail/40d588fdab0cc077b80d950b300bf66ad3c75b92/tokenizer_config.json "HTTP/1.1 200 OK"]
[2026-08-18 20:22:46,641: INFO: _client: HTTP Request: GET https://huggingface.co/api/models/google/pegasus-cnn_dailymail/tree/main/additional_chat_templates?recursive=false&expand=false "HTTP/1.1 404 Not Found"]
[2026-08-18 20:22:46,878: INFO: _client: HTTP Request: GET https://huggingface.co/api/models/google/pegasus-cnn_dailymail/tree/main?recursive=true&expand=false "HTTP/1.1 200 OK"]
[2026-08-18 20:22:47,541: INFO: _client: HTTP Request: HEAD https://huggingface.co/google/pegasus-cnn_dailymail/resolve/main/config.json "HTTP/1.1 307 Temporary Redirect"]
[2026-08-18 20:22:47,554: INFO: _client: HTTP Request: HEAD https://huggingface.co/api/resolve-cache/models/google/pegasus-cnn_dailymail/40d588fdab0cc077b80d950b300bf66ad3c75b92/config.json "HTTP/1.1 200 OK"]
[2026-08-18 20:22:47,935: INFO: _client: HTTP Request: HEAD https://huggingface.co/google/pegasus-cnn_dailymail/resolve/main/model.safetensors "HTTP/1.1 404 Not Found"]
[2026-08-18 20:22:50,070: INFO: _client: HTTP Request: GET https://huggingface.co/api/models/google/pegasus-cnn_dailymail "HTTP/1.1 200 OK"]
[2026-08-18 20:22:50,608: INFO: _client: HTTP Request: GET https://huggingface.co/api/models/google/pegasus-cnn_dailymail/commits/main "HTTP/1.1 200 OK"]
[2026-08-18 20:22:51,166: INFO: _client: HTTP Request: GET https://huggingface.co/api/models/google/pegasus-cnn_dailymail/discussions?p=0 "HTTP/1.1 200 OK"]
[2026-08-18 20:22:51,658: INFO: _client: HTTP Request: GET https://huggingface.co/api/models/google/pegasus-cnn_dailymail/commits/refs%2Fpr%2F12 "HTTP/1.1 200 OK"]
[2026-08-18 20:22:52,098: INFO: _client: HTTP Request: HEAD https://huggingface.co/google/pegasus-cnn_dailymail/resolve/refs%2Fpr%2F12/model.safetensors.index.json "HTTP/1.1 404 Not Found"]
[2026-08-18 20:22:52,476: INFO: _client: HTTP Request: HEAD https://huggingface.co/google/pegasus-cnn_dailymail/resolve/refs%2Fpr%2F12/model.safetensors "HTTP/1.1 302 Found"]
[2026-08-18 20:23:07,327: INFO: _client: HTTP Request: HEAD https://huggingface.co/google/pegasus-cnn_dailymail/resolve/main/generation_config.json "HTTP/1.1 307 Temporary Redirect"]
[2026-08-18 20:23:07,343: INFO: _client: HTTP Request: HEAD https://huggingface.co/api/resolve-cache/models/google/pegasus-cnn_dailymail/40d588fdab0cc077b80d950b300bf66ad3c75b92/generation_config.json "HTTP/1.1 200 OK"]
[2026-08-18 20:26:19,322: INFO: common: yaml file: config\config.yaml loaded successfully]
[2026-08-18 20:26:19,329: INFO: common: yaml file: params.yaml loaded successfully]
[2026-08-18 20:26:19,332: INFO: common: created directory at: artifacts]
[2026-08-18 20:26:19,335: INFO: common: created directory at: artifacts/data_transformation]
[2026-08-18 20:26:22,299: INFO: _client: HTTP Request: HEAD https://huggingface.co/google/pegasus-cnn_dailymail/resolve/main/config.json "HTTP/1.1 307 Temporary Redirect"]
[2026-08-18 20:26:22,315: INFO: _client: HTTP Request: HEAD https://huggingface.co/api/resolve-cache/models/google/pegasus-cnn_dailymail/40d588fdab0cc077b80d950b300bf66ad3c75b92/config.json "HTTP/1.1 200 OK"]
[2026-08-18 20:26:22,587: INFO: _client: HTTP Request: HEAD https://huggingface.co/google/pegasus-cnn_dailymail/resolve/main/tokenizer_config.json "HTTP/1.1 307 Temporary Redirect"]
[2026-08-18 20:26:22,587: WARNING: _http: Warning: You are sending unauthenticated requests to the HF Hub. Please set a HF_TOKEN to enable higher rate limits and faster downloads.]
[2026-08-18 20:26:22,604: INFO: _client: HTTP Request: HEAD https://huggingface.co/api/resolve-cache/models/google/pegasus-cnn_dailymail/40d588fdab0cc077b80d950b300bf66ad3c75b92/tokenizer_config.json "HTTP/1.1 200 OK"]
[2026-08-18 20:26:22,848: INFO: _client: HTTP Request: GET https://huggingface.co/api/models/google/pegasus-cnn_dailymail/tree/main/additional_chat_templates?recursive=false&expand=false "HTTP/1.1 404 Not Found"]
[2026-08-18 20:26:23,099: INFO: _client: HTTP Request: GET https://huggingface.co/api/models/google/pegasus-cnn_dailymail/tree/main?recursive=true&expand=false "HTTP/1.1 200 OK"]
[2026-08-18 20:31:07,818: INFO: common: yaml file: config\config.yaml loaded successfully]
[2026-08-18 20:31:07,842: INFO: common: yaml file: params.yaml loaded successfully]
[2026-08-18 20:31:07,851: INFO: common: created directory at: artifacts]
[2026-08-18 20:31:07,854: INFO: common: created directory at: artifacts/data_transformation]
[2026-08-18 20:31:08,349: INFO: _client: HTTP Request: HEAD https://huggingface.co/google/pegasus-cnn_dailymail/resolve/main/config.json "HTTP/1.1 307 Temporary Redirect"]
[2026-08-18 20:31:08,368: INFO: _client: HTTP Request: HEAD https://huggingface.co/api/resolve-cache/models/google/pegasus-cnn_dailymail/40d588fdab0cc077b80d950b300bf66ad3c75b92/config.json "HTTP/1.1 200 OK"]
[2026-08-18 20:31:08,700: INFO: _client: HTTP Request: HEAD https://huggingface.co/google/pegasus-cnn_dailymail/resolve/main/tokenizer_config.json "HTTP/1.1 307 Temporary Redirect"]
[2026-08-18 20:31:08,717: INFO: _client: HTTP Request: HEAD https://huggingface.co/api/resolve-cache/models/google/pegasus-cnn_dailymail/40d588fdab0cc077b80d950b300bf66ad3c75b92/tokenizer_config.json "HTTP/1.1 200 OK"]
[2026-08-18 20:31:08,987: INFO: _client: HTTP Request: GET https://huggingface.co/api/models/google/pegasus-cnn_dailymail/tree/main/additional_chat_templates?recursive=false&expand=false "HTTP/1.1 404 Not Found"]
[2026-08-18 20:31:09,252: INFO: _client: HTTP Request: GET https://huggingface.co/api/models/google/pegasus-cnn_dailymail/tree/main?recursive=true&expand=false "HTTP/1.1 200 OK"]
[2026-08-18 20:42:14,132: INFO: common: yaml file: params.yaml loaded successfully]
[2026-08-18 20:42:18,224: INFO: common: yaml file: config\config.yaml loaded successfully]
[2026-08-18 20:42:18,230: INFO: common: yaml file: params.yaml loaded successfully]
[2026-08-18 20:42:18,236: INFO: common: created directory at: artifacts]
[2026-08-18 20:42:18,239: INFO: common: created directory at: artifacts/model_trainer]
[2026-08-18 20:42:18,737: INFO: _client: HTTP Request: HEAD https://huggingface.co/google/pegasus-cnn_dailymail/resolve/main/config.json "HTTP/1.1 307 Temporary Redirect"]
[2026-08-18 20:42:18,800: INFO: _client: HTTP Request: HEAD https://huggingface.co/api/resolve-cache/models/google/pegasus-cnn_dailymail/40d588fdab0cc077b80d950b300bf66ad3c75b92/config.json "HTTP/1.1 200 OK"]
[2026-08-18 20:42:19,105: INFO: _client: HTTP Request: HEAD https://huggingface.co/google/pegasus-cnn_dailymail/resolve/main/tokenizer_config.json "HTTP/1.1 307 Temporary Redirect"]
[2026-08-18 20:42:19,108: WARNING: _http: Warning: You are sending unauthenticated requests to the HF Hub. Please set a HF_TOKEN to enable higher rate limits and faster downloads.]
[2026-08-18 20:42:19,127: INFO: _client: HTTP Request: HEAD https://huggingface.co/api/resolve-cache/models/google/pegasus-cnn_dailymail/40d588fdab0cc077b80d950b300bf66ad3c75b92/tokenizer_config.json "HTTP/1.1 200 OK"]
[2026-08-18 20:42:19,380: INFO: _client: HTTP Request: GET https://huggingface.co/api/models/google/pegasus-cnn_dailymail/tree/main/additional_chat_templates?recursive=false&expand=false "HTTP/1.1 404 Not Found"]
[2026-08-18 20:42:19,639: INFO: _client: HTTP Request: GET https://huggingface.co/api/models/google/pegasus-cnn_dailymail/tree/main?recursive=true&expand=false "HTTP/1.1 200 OK"]
[2026-08-18 20:42:20,309: INFO: _client: HTTP Request: HEAD https://huggingface.co/google/pegasus-cnn_dailymail/resolve/main/config.json "HTTP/1.1 307 Temporary Redirect"]
[2026-08-18 20:42:20,330: INFO: _client: HTTP Request: HEAD https://huggingface.co/api/resolve-cache/models/google/pegasus-cnn_dailymail/40d588fdab0cc077b80d950b300bf66ad3c75b92/config.json "HTTP/1.1 200 OK"]
[2026-08-18 20:42:20,749: INFO: _client: HTTP Request: HEAD https://huggingface.co/google/pegasus-cnn_dailymail/resolve/main/model.safetensors "HTTP/1.1 404 Not Found"]
[2026-08-18 20:42:21,014: INFO: _client: HTTP Request: GET https://huggingface.co/api/models/google/pegasus-cnn_dailymail "HTTP/1.1 200 OK"]
[2026-08-18 20:42:22,134: INFO: _client: HTTP Request: GET https://huggingface.co/api/models/google/pegasus-cnn_dailymail/commits/main "HTTP/1.1 200 OK"]
[2026-08-18 20:42:22,774: INFO: _client: HTTP Request: GET https://huggingface.co/api/models/google/pegasus-cnn_dailymail/discussions?p=0 "HTTP/1.1 200 OK"]
[2026-08-18 20:42:23,576: INFO: _client: HTTP Request: GET https://huggingface.co/api/models/google/pegasus-cnn_dailymail/commits/refs%2Fpr%2F12 "HTTP/1.1 200 OK"]
[2026-08-18 20:42:23,814: INFO: _client: HTTP Request: HEAD https://huggingface.co/google/pegasus-cnn_dailymail/resolve/refs%2Fpr%2F12/model.safetensors.index.json "HTTP/1.1 404 Not Found"]
[2026-08-18 20:42:24,083: INFO: _client: HTTP Request: HEAD https://huggingface.co/google/pegasus-cnn_dailymail/resolve/refs%2Fpr%2F12/model.safetensors "HTTP/1.1 302 Found"]
[2026-08-18 20:42:36,960: INFO: _client: HTTP Request: HEAD https://huggingface.co/google/pegasus-cnn_dailymail/resolve/main/generation_config.json "HTTP/1.1 307 Temporary Redirect"]
[2026-08-18 20:42:37,002: INFO: _client: HTTP Request: HEAD https://huggingface.co/api/resolve-cache/models/google/pegasus-cnn_dailymail/40d588fdab0cc077b80d950b300bf66ad3c75b92/generation_config.json "HTTP/1.1 200 OK"]
[2026-08-18 20:49:23,297: INFO: common: yaml file: config\config.yaml loaded successfully]
[2026-08-18 20:49:23,318: INFO: common: yaml file: params.yaml loaded successfully]
[2026-08-18 20:49:23,318: INFO: common: created directory at: artifacts]
[2026-08-18 20:49:23,335: INFO: common: created directory at: artifacts/model_trainer]
[2026-08-18 20:52:13,097: INFO: common: yaml file: params.yaml loaded successfully]
[2026-08-18 20:52:13,515: INFO: common: yaml file: config\config.yaml loaded successfully]
[2026-08-18 20:52:13,521: INFO: common: yaml file: params.yaml loaded successfully]
[2026-08-18 20:52:13,522: INFO: common: created directory at: artifacts]
[2026-08-18 20:52:13,524: INFO: common: created directory at: artifacts/model_trainer]
